// Jest Snapshot v1, https://goo.gl/fbAQLP

exports[`Map location search Should render correctly 1`] = `
<Provider
  store={
    Object {
      "dispatch": [Function],
      "getState": [Function],
      "replaceReducer": [Function],
      "subscribe": [Function],
      Symbol(observable): [Function],
    }
  }
>
  <MapLocationSearch>
    <div
      className="search-box-holder"
    >
      <Connect(GoogleMapSearchBox)
        onLocationSelect={[Function]}
      >
        <GoogleMapSearchBox
          dispatch={[Function]}
          mapKey=""
          onLocationSelect={[Function]}
        >
          <Input
            disabled={true}
            placeholder="Loading Google Map Search..."
            type="text"
          >
            <input
              className="ant-input ant-input-disabled"
              disabled={true}
              onChange={[Function]}
              onKeyDown={[Function]}
              placeholder="Loading Google Map Search..."
              type="text"
              value=""
            />
          </Input>
        </GoogleMapSearchBox>
      </Connect(GoogleMapSearchBox)>
    </div>
  </MapLocationSearch>
</Provider>
`;
